C:\Users\ahmed\OneDrive\Desktop\ROS2_AUR\ROS2_WS\install\start_python\Lib\site-packages\start_python\first_node.py
C:\Users\ahmed\OneDrive\Desktop\ROS2_AUR\ROS2_WS\install\start_python\Lib\site-packages\start_python\GoToGoal.py
C:\Users\ahmed\OneDrive\Desktop\ROS2_AUR\ROS2_WS\install\start_python\Lib\site-packages\start_python\go_to_goal_client.py
C:\Users\ahmed\OneDrive\Desktop\ROS2_AUR\ROS2_WS\install\start_python\Lib\site-packages\start_python\publisher.py
C:\Users\ahmed\OneDrive\Desktop\ROS2_AUR\ROS2_WS\install\start_python\Lib\site-packages\start_python\__init__.py
C:\Users\ahmed\OneDrive\Desktop\ROS2_AUR\ROS2_WS\install\start_python\Lib\site-packages\start_python\__pycache__\first_node.cpython-312.pyc
C:\Users\ahmed\OneDrive\Desktop\ROS2_AUR\ROS2_WS\install\start_python\Lib\site-packages\start_python\__pycache__\GoToGoal.cpython-312.pyc
C:\Users\ahmed\OneDrive\Desktop\ROS2_AUR\ROS2_WS\install\start_python\Lib\site-packages\start_python\__pycache__\go_to_goal_client.cpython-312.pyc
C:\Users\ahmed\OneDrive\Desktop\ROS2_AUR\ROS2_WS\install\start_python\Lib\site-packages\start_python\__pycache__\publisher.cpython-312.pyc
C:\Users\ahmed\OneDrive\Desktop\ROS2_AUR\ROS2_WS\install\start_python\Lib\site-packages\start_python\__pycache__\__init__.cpython-312.pyc
C:\Users\ahmed\OneDrive\Desktop\ROS2_AUR\ROS2_WS\install\start_python\share\ament_index\resource_index\packages\start_python
C:\Users\ahmed\OneDrive\Desktop\ROS2_AUR\ROS2_WS\install\start_python\share\start_python\package.xml
C:\Users\ahmed\OneDrive\Desktop\ROS2_AUR\ROS2_WS\install\start_python\share\start_python\config\params.yaml
C:\Users\ahmed\OneDrive\Desktop\ROS2_AUR\ROS2_WS\install\start_python\share\start_python\launch\go_to_goal_launch.py
C:\Users\ahmed\OneDrive\Desktop\ROS2_AUR\ROS2_WS\install\start_python\Lib\site-packages\start_python-0.0.0-py3.12.egg-info\dependency_links.txt
C:\Users\ahmed\OneDrive\Desktop\ROS2_AUR\ROS2_WS\install\start_python\Lib\site-packages\start_python-0.0.0-py3.12.egg-info\entry_points.txt
C:\Users\ahmed\OneDrive\Desktop\ROS2_AUR\ROS2_WS\install\start_python\Lib\site-packages\start_python-0.0.0-py3.12.egg-info\PKG-INFO
C:\Users\ahmed\OneDrive\Desktop\ROS2_AUR\ROS2_WS\install\start_python\Lib\site-packages\start_python-0.0.0-py3.12.egg-info\requires.txt
C:\Users\ahmed\OneDrive\Desktop\ROS2_AUR\ROS2_WS\install\start_python\Lib\site-packages\start_python-0.0.0-py3.12.egg-info\SOURCES.txt
C:\Users\ahmed\OneDrive\Desktop\ROS2_AUR\ROS2_WS\install\start_python\Lib\site-packages\start_python-0.0.0-py3.12.egg-info\top_level.txt
C:\Users\ahmed\OneDrive\Desktop\ROS2_AUR\ROS2_WS\install\start_python\Lib\site-packages\start_python-0.0.0-py3.12.egg-info\zip-safe
C:\Users\ahmed\OneDrive\Desktop\ROS2_AUR\ROS2_WS\install\start_python\lib\start_python\first_node-script.py
C:\Users\ahmed\OneDrive\Desktop\ROS2_AUR\ROS2_WS\install\start_python\lib\start_python\first_node.exe
C:\Users\ahmed\OneDrive\Desktop\ROS2_AUR\ROS2_WS\install\start_python\lib\start_python\go_to_goal-script.py
C:\Users\ahmed\OneDrive\Desktop\ROS2_AUR\ROS2_WS\install\start_python\lib\start_python\go_to_goal.exe
C:\Users\ahmed\OneDrive\Desktop\ROS2_AUR\ROS2_WS\install\start_python\lib\start_python\go_to_goal_client-script.py
C:\Users\ahmed\OneDrive\Desktop\ROS2_AUR\ROS2_WS\install\start_python\lib\start_python\go_to_goal_client.exe
C:\Users\ahmed\OneDrive\Desktop\ROS2_AUR\ROS2_WS\install\start_python\lib\start_python\publisher-script.py
C:\Users\ahmed\OneDrive\Desktop\ROS2_AUR\ROS2_WS\install\start_python\lib\start_python\publisher.exe
